Java HotSpot(TM) 64-Bit Server VM (25.211-b12) for windows-amd64 JRE (1.8.0_211-b12), built on Apr  1 2019 20:53:26 by "java_re" with MS VC++ 10.0 (VS2010)
Memory: 4k page, physical 7225320k(1559220k free), swap 11041480k(2817920k free)
CommandLine flags: -XX:InitialHeapSize=115605120 -XX:MaxHeapSize=1849681920 -XX:+PrintGC -XX:+PrintGCDetails -XX:+PrintGCTimeStamps -XX:+PrintReferenceGC -XX:+UseCompressedClassPointers -XX:+UseCompressedOops -XX:-UseLargePagesIndividualAllocation -XX:+UseParallelGC 
1.596: [GC (System.gc()) 1.600: [SoftReference, 0 refs, 0.0001201 secs]1.600: [WeakReference, 11 refs, 0.0000754 secs]1.600: [FinalReference, 68 refs, 0.0001728 secs]1.600: [PhantomReference, 0 refs, 0 refs, 0.0000429 secs]1.600: [JNI Weak Reference, 0.0001345 secs][PSYoungGen: 6975K->719K(33280K)] 6975K->727K(110080K), 0.0045623 secs] [Times: user=0.00 sys=0.00, real=0.00 secs] 
1.601: [Full GC (System.gc()) 1.603: [SoftReference, 0 refs, 0.0001014 secs]1.603: [WeakReference, 3 refs, 0.0000414 secs]1.603: [FinalReference, 0 refs, 0.0000400 secs]1.603: [PhantomReference, 0 refs, 0 refs, 0.0000403 secs]1.603: [JNI Weak Reference, 0.0000882 secs][PSYoungGen: 719K->0K(33280K)] [ParOldGen: 8K->666K(76800K)] 727K->666K(110080K), [Metaspace: 3037K->3037K(1056768K)], 0.0391800 secs] [Times: user=0.02 sys=0.00, real=0.04 secs] 
Heap
 PSYoungGen      total 33280K, used 860K [0x00000000db400000, 0x00000000dd900000, 0x0000000100000000)
  eden space 28672K, 3% used [0x00000000db400000,0x00000000db4d7230,0x00000000dd000000)
  from space 4608K, 0% used [0x00000000dd000000,0x00000000dd000000,0x00000000dd480000)
  to   space 4608K, 0% used [0x00000000dd480000,0x00000000dd480000,0x00000000dd900000)
 ParOldGen       total 76800K, used 666K [0x0000000091c00000, 0x0000000096700000, 0x00000000db400000)
  object space 76800K, 0% used [0x0000000091c00000,0x0000000091ca6a08,0x0000000096700000)
 Metaspace       used 3044K, capacity 4556K, committed 4864K, reserved 1056768K
  class space    used 323K, capacity 392K, committed 512K, reserved 1048576K
